// Jest Snapshot v1, https://goo.gl/fbAQLP

exports[`Tests for <DeleteEventFab/> Should render correctly 1`] = `
<button
  className="btn btn-danger fab-danger"
  onClick={[Function]}
>
  <i
    className="fa fa-trash"
  />
  <span>
     Delete event
  </span>
</button>
`;
